Error decoding json path 'test/functional/data/testUnknownKeyFailure/runs.json': Error in $.runs[1].SomeRun: Encountered unknown keys: ["another_problem","bad_key"]
