Chart with title 'Chart 4' is empty due to all runs being filtered out.
