The 'garmin.unit' setting is required in chart-requests json when used with a garmin activities file.
