MkChartParams
  { buildDir = "C:\cwd\build\"
  , cleanInstall = False
  , chartRequestsPath = "C:\root\config-data\chart-requests.toml"
  , dataDir = ()
  , json = False
  , runLabelsPath = Nothing
  , runPaths = "C:\root\config-data\runs.toml" :| []
  }
