MkChartParams
  { activityLabelsPath = Nothing
  , activityPaths = "C:\root\xdg\config\pacer\activities.json" :| []
  , buildDir = "C:\cwd\build-dir\"
  , cleanInstall = False
  , chartRequestsPath = "C:\root\xdg\config\pacer\chart-requests.json"
  , dataDir = ()
  , json = False
  , port = 3000
  }
