MkChartParams
  { activityLabelsPath = Nothing
  , activityPaths = fromList
    ( "/xdg/config/pacer/activities.json" :| [] )
  , buildDir = "/config-data/build-dir/"
  , cleanInstall = False
  , chartRequestsPath = "/xdg/config/pacer/chart-requests.json"
  , dataDir = ()
  , json = False
  , port = 3000
  }
