MkChartParams
  { buildDir = "C:\abs\build-dir\"
  , cleanInstall = False
  , chartRequestsPath = "C:\root\xdg\config\pacer\chart-requests.toml"
  , dataDir = ()
  , json = False
  , runLabelsPath = Nothing
  , runPaths = "C:\root\xdg\config\pacer\runs.toml" :| []
  }
