MkChartParams
  { buildDir = "/cwd/build/"
  , cleanInstall = False
  , chartRequestsPath = "/root/config-cr.toml"
  , dataDir = ()
  , json = False
  , runLabelsPath = Nothing
  , runsPath = "/root/config-runs.toml"
  , runsType = Nothing
  }
