[
  {
    "xAxis": [
      "2025-01-13",
      "2025-01-20",
      "2025-01-27",
      "2025-02-03",
      "2025-02-10",
      "2025-02-17",
      "2025-02-24",
      "2025-03-03",
      "2025-03-10",
      "2025-03-17",
      "2025-03-24",
      "2025-03-31",
      "2025-04-07",
      "2025-04-14",
      "2025-04-21",
      "2025-04-28",
      "2025-05-05"
    ],
    "yAxes": {
      "y": {
        "data": [
          39.11,
          50.66,
          35.16000000000001,
          46.370000000000005,
          5,
          35.040000000000006,
          93.69,
          57.79,
          65.50999999999999,
          40.45,
          62.28,
          40.06,
          62.61,
          6.92,
          44.05,
          18.549999999999997,
          16.45
        ],
        "id": "y",
        "label": "km",
        "type": "distance"
      }
    }
  }
]

