MkChartParams
  { buildDir = "C:\cwd\build\"
  , cleanInstall = False
  , chartRequestsPath = "C:\root\cli-both\chart-requests.toml"
  , dataDir = ()
  , json = False
  , runLabelsPath = Nothing
  , runsPath = "C:\root\cli-both\activities.csv"
  , runsType = Just RunsGarmin
  }
