MkChartParams
  { buildDir = "/cwd/build/"
  , cleanInstall = False
  , chartRequestsPath = "/root/cli-both/chart-requests.toml"
  , dataDir = ()
  , json = False
  , runLabelsPath = Nothing
  , runsPath = "/root/cli-both/activities.csv"
  , runsType = Just RunsGarmin
  }
