MkChartParams
  { buildDir = "C:\cwd\build\"
  , cleanInstall = False
  , chartRequestsPath = "C:\root\config-data\rel-cr.toml"
  , dataDir = ()
  , json = False
  , runsPath = "C:\root\config-data\rel-runs.toml"
  , runsType = Nothing
  }
