MkChartParams
  { activityLabelsPath = Nothing
  , activityPaths = "/root/config-data/activities.json" :| []
  , buildDir = "/cwd/build/"
  , cleanInstall = False
  , chartRequestsPath = "/root/config-data/chart-requests.json"
  , dataDir = ()
  , json = False
  }
