MkChartParams
  { buildDir = "/cwd/build/"
  , cleanInstall = False
  , chartRequestsPath = "/root/cli-garmin/chart-requests.toml"
  , dataDir = ()
  , json = False
  , runsPath = "/root/cli-garmin/activities.csv"
  , runsType = Nothing
  }
