MkChartParams
  { buildDir = "C:\cwd\build\"
  , cleanInstall = False
  , chartRequestsPath = "C:\root\cli-both\chart-requests.toml"
  , dataDir = ()
  , json = False
  , runsPath = "C:\root\cli-both\runs.toml"
  , runsType = Just RunsDefault
  }
