MkChartParams
  { activityLabelsPath = Nothing
  , activityPaths = fromList
    ( "C:\root\cli-garmin\activities.csv" :| [] )
  , buildDir = "C:\cwd\build\"
  , cleanInstall = False
  , chartRequestsPath = "C:\root\cli-garmin\chart-requests.json"
  , dataDir = ()
  , json = False
  , port = 3000
  }
