MkSomeRuns
  ( fromList
    ( MkSomeRunsKey
      { unSomeRunsKey = MkSomeRun SKilometer
        ( MkRun
          { datetime = TimestampZoned 2024-10-10 12:00:00 -0800
          , distance = MkDistance
            ( UnsafePositive 21.0975 ) Kilometer
          , duration = MkDuration
            ( UnsafePositive 900.0 ) Second
          , labels =
            [ "official"
            , "half-marathon"
            ]
          , title = Just "Some half marathon"
          }
        )
      } :|
      [ MkSomeRunsKey
        { unSomeRunsKey = MkSomeRun SKilometer
          ( MkRun
            { datetime = TimestampDate 2024-10-15
            , distance = MkDistance
              ( UnsafePositive 5.0 ) Kilometer
            , duration = MkDuration
              ( UnsafePositive 1230.0 ) Second
            , labels = []
            , title = Nothing
            }
          )
        }
      , MkSomeRunsKey
        { unSomeRunsKey = MkSomeRun SMile
          ( MkRun
            { datetime = TimestampTime 2024-10-20 14:30:00
            , distance = MkDistance
              ( UnsafePositive 20.0 ) Mile
            , duration = MkDuration
              ( UnsafePositive 9654.0 ) Second
            , labels = [ "label1" ]
            , title = Nothing
            }
          )
        }
      , MkSomeRunsKey
        { unSomeRunsKey = MkSomeRun SKilometer
          ( MkRun
            { datetime = TimestampZoned 2024-10-25 12:00:00 -0800
            , distance = MkDistance
              ( UnsafePositive 42.195 ) Kilometer
            , duration = MkDuration
              ( UnsafePositive 12000.0 ) Second
            , labels =
              [ "official"
              , "marathon"
              ]
            , title = Just "Some Marathon"
            }
          )
        }
      , MkSomeRunsKey
        { unSomeRunsKey = MkSomeRun SKilometer
          ( MkRun
            { datetime = TimestampZoned 2024-10-28 12:00:00 -0800
            , distance = MkDistance
              ( UnsafePositive 42.195 ) Kilometer
            , duration = MkDuration
              ( UnsafePositive 18900.0 ) Second
            , labels =
              [ "official"
              , "marathon"
              ]
            , title = Just "Another marathon"
            }
          )
        }
      ]
    )
  )
