MkChartParams
  { buildDir = "/cwd/build-dir/"
  , cleanInstall = False
  , chartRequestsPath = "/root/xdg/config/pacer/chart-requests.toml"
  , dataDir = ()
  , json = False
  , runsPath = "/root/xdg/config/pacer/runs.toml"
  , runsType = Nothing
  }
