[
  {
    "xAxis": [
      "2025-01-16T18:04:43",
      "2025-01-16T18:32:57",
      "2025-01-16T19:27:14",
      "2025-01-19T08:35:34",
      "2025-01-21T17:01:22",
      "2025-01-22T16:57:20",
      "2025-01-25T12:15:10",
      "2025-01-29T17:32:28",
      "2025-02-01T09:23:59",
      "2025-02-03T13:00:03",
      "2025-02-04T17:40:38",
      "2025-02-06T17:06:03",
      "2025-02-08T13:43:58",
      "2025-02-09T10:37:01",
      "2025-02-11T17:48:48",
      "2025-02-19T15:49:31",
      "2025-02-19T16:18:35",
      "2025-02-23T08:24:50",
      "2025-02-23T09:41:36",
      "2025-02-23T10:18:25",
      "2025-02-25T17:48:44",
      "2025-02-26T18:17:32",
      "2025-02-26T20:11:23",
      "2025-03-01T09:24:40",
      "2025-03-02T07:28:43",
      "2025-03-06T17:52:08",
      "2025-03-08T08:20:46",
      "2025-03-09T08:06:31",
      "2025-03-11T18:21:22",
      "2025-03-12T17:44:08",
      "2025-03-13T17:35:13",
      "2025-03-15T09:59:18",
      "2025-03-18T17:07:52",
      "2025-03-21T16:02:17",
      "2025-03-23T08:11:44",
      "2025-03-25T17:48:49",
      "2025-03-26T17:30:06",
      "2025-03-27T17:35:30",
      "2025-03-30T10:45:44",
      "2025-04-01T18:07:12",
      "2025-04-03T17:32:21",
      "2025-04-05T14:05:30",
      "2025-04-06T07:53:39",
      "2025-04-08T17:50:39",
      "2025-04-10T14:45:41",
      "2025-04-13T07:31:22",
      "2025-04-17T16:07:56",
      "2025-04-22T17:59:46",
      "2025-04-27T07:25:24",
      "2025-04-27T09:02:46",
      "2025-04-29T17:10:12",
      "2025-05-03T09:02:39",
      "2025-05-06T18:07:33",
      "2025-05-07T17:53:16"
    ],
    "yAxes": [
      {
        "data": [
          3.77,
          6.19,
          4.69,
          24.46,
          9.32,
          11.07,
          30.27,
          7.95,
          27.21,
          7.58,
          6.03,
          5.48,
          7.87,
          19.41,
          5,
          5.82,
          1.73,
          9.76,
          3.41,
          14.32,
          5.07,
          4.5,
          4.32,
          44.86,
          34.94,
          17.99,
          9.79,
          30.01,
          8.02,
          8.07,
          18.31,
          31.11,
          9.33,
          9.31,
          21.81,
          5.01,
          9.11,
          18.16,
          30,
          10,
          10.03,
          5.01,
          15.02,
          14.78,
          5.29,
          42.54,
          6.92,
          7.65,
          8.36,
          7.27,
          9.26,
          9.29,
          10.45,
          6
        ],
        "fill": false,
        "label": "distance",
        "pointHoverRadius": 20,
        "tension": 0,
        "yAxisID": "y"
      }
    ]
  }
]

