MkChartParams
  { buildDir = "/cwd/build/"
  , cleanInstall = False
  , chartRequestsPath = "/root/config-data/chart-requests.toml"
  , dataDir = ()
  , json = False
  , runLabelsPath = Nothing
  , runPaths = "/root/config-data/runs.toml" :| []
  }
