MkChartParams
  { buildDir = "/cwd/build/"
  , cleanInstall = False
  , chartRequestsPath = "/root/config-data/rel-cr.json"
  , dataDir = ()
  , json = False
  , runLabelsPath = Nothing
  , runPaths = "/root/config-data/rel-runs.json" :| []
  }
